// Jest Snapshot v1, https://jestjs.io/docs/snapshot-testing

exports[`RootLayout snapshot 1`] = `
<DocumentFragment>
  <div>
    Test Content
  </div>
</DocumentFragment>
`;
